
> marketing-automation-frontend@0.0.0 build
> vite build

vite v8.0.9 building client environment for production...
[2Ktransforming...✓ 1099 modules transformed.
✗ Build failed in 4.72s
error during build:
Build failed with 1 error:

[plugin @rolldown/plugin-babel] /home/developer/rohitworkspace/prod/marketing-automation/marketing-automation-frontend/src/pages/manager/ManagerQcReviewPage.jsx:714:0
RolldownError: [BabelError] /home/developer/rohitworkspace/prod/marketing-automation/marketing-automation-frontend/src/pages/manager/ManagerQcReviewPage.jsx: Unexpected token (714:0)

  712 |   if (!d) return ''
  713 |   return new Date(d).toLocaleDateString('en-IN', { day: '2-digit', month: 'short', year: '2-digit' })
> 714 |
      | ^
    at error (file:///home/developer/rohitworkspace/prod/marketing-automation/marketing-automation-frontend/node_modules/rolldown/dist/shared/logs-D80CXhvg.mjs:147:24)
    at TransformPluginContextImpl.error (file:///home/developer/rohitworkspace/prod/marketing-automation/marketing-automation-frontend/node_modules/rolldown/dist/shared/bindingify-input-options-aPVaxNxQ.mjs:1033:10)
    at TransformPluginContextImpl.handler (file:///home/developer/rohitworkspace/prod/marketing-automation/marketing-automation-frontend/node_modules/@rolldown/plugin-babel/dist/index.mjs:404:11)
    at async plugin (file:///home/developer/rohitworkspace/prod/marketing-automation/marketing-automation-frontend/node_modules/rolldown/dist/shared/bindingify-input-options-aPVaxNxQ.mjs:1172:16)
    at async plugin.<computed> (file:///home/developer/rohitworkspace/prod/marketing-automation/marketing-automation-frontend/node_modules/rolldown/dist/shared/bindingify-input-options-aPVaxNxQ.mjs:1612:12)
Caused by:
  SyntaxError: /home/developer/rohitworkspace/prod/marketing-automation/marketing-automation-frontend/src/pages/manager/ManagerQcReviewPage.jsx: Unexpected token (714:0)
  
    712 |   if (!d) return ''
    713 |   return new Date(d).toLocaleDateString('en-IN', { day: '2-digit', month: 'short', year: '2-digit' })
  > 714 |
        | ^
      at constructor (/home/developer/rohitworkspace/prod/marketing-automation/marketing-automation-frontend/node_modules/@babel/parser/lib/index.js:365:19)
      at JSXParserMixin.raise (/home/developer/rohitworkspace/prod/marketing-automation/marketing-automation-frontend/node_modules/@babel/parser/lib/index.js:6599:19)
      at JSXParserMixin.unexpected (/home/developer/rohitworkspace/prod/marketing-automation/marketing-automation-frontend/node_modules/@babel/parser/lib/index.js:6619:16)
      at JSXParserMixin.parseExprAtom (/home/developer/rohitworkspace/prod/marketing-automation/marketing-automation-frontend/node_modules/@babel/parser/lib/index.js:11442:22)
      at JSXParserMixin.parseExprAtom (/home/developer/rohitworkspace/prod/marketing-automation/marketing-automation-frontend/node_modules/@babel/parser/lib/index.js:4764:20)
      at JSXParserMixin.parseExprSubscripts (/home/developer/rohitworkspace/prod/marketing-automation/marketing-automation-frontend/node_modules/@babel/parser/lib/index.js:11081:23)
      at JSXParserMixin.parseUpdate (/home/developer/rohitworkspace/prod/marketing-automation/marketing-automation-frontend/node_modules/@babel/parser/lib/index.js:11066:21)
      at JSXParserMixin.parseMaybeUnary (/home/developer/rohitworkspace/prod/marketing-automation/marketing-automation-frontend/node_modules/@babel/parser/lib/index.js:11046:23)
      at JSXParserMixin.parseMaybeUnaryOrPrivate (/home/developer/rohitworkspace/prod/marketing-automation/marketing-automation-frontend/node_modules/@babel/parser/lib/index.js:10899:61)
      at JSXParserMixin.parseExprOps (/home/developer/rohitworkspace/prod/marketing-automation/marketing-automation-frontend/node_modules/@babel/parser/lib/index.js:10904:23)
      at JSXParserMixin.parseMaybeConditional (/home/developer/rohitworkspace/prod/marketing-automation/marketing-automation-frontend/node_modules/@babel/parser/lib/index.js:10881:23)
      at JSXParserMixin.parseMaybeAssign (/home/developer/rohitworkspace/prod/marketing-automation/marketing-automation-frontend/node_modules/@babel/parser/lib/index.js:10831:21)
      at JSXParserMixin.parseExpressionBase (/home/developer/rohitworkspace/prod/marketing-automation/marketing-automation-frontend/node_modules/@babel/parser/lib/index.js:10784:23)
      at /home/developer/rohitworkspace/prod/marketing-automation/marketing-automation-frontend/node_modules/@babel/parser/lib/index.js:10780:39
      at JSXParserMixin.allowInAnd (/home/developer/rohitworkspace/prod/marketing-automation/marketing-automation-frontend/node_modules/@babel/parser/lib/index.js:12421:16)
      at JSXParserMixin.parseExpression (/home/developer/rohitworkspace/prod/marketing-automation/marketing-automation-frontend/node_modules/@babel/parser/lib/index.js:10780:17)
      at JSXParserMixin.parseStatementContent (/home/developer/rohitworkspace/prod/marketing-automation/marketing-automation-frontend/node_modules/@babel/parser/lib/index.js:12895:23)
      at JSXParserMixin.parseStatementLike (/home/developer/rohitworkspace/prod/marketing-automation/marketing-automation-frontend/node_modules/@babel/parser/lib/index.js:12767:17)
      at JSXParserMixin.parseStatementListItem (/home/developer/rohitworkspace/prod/marketing-automation/marketing-automation-frontend/node_modules/@babel/parser/lib/index.js:12747:17)
      at JSXParserMixin.parseBlockOrModuleBlockBody (/home/developer/rohitworkspace/prod/marketing-automation/marketing-automation-frontend/node_modules/@babel/parser/lib/index.js:13316:61)
      at JSXParserMixin.parseBlockBody (/home/developer/rohitworkspace/prod/marketing-automation/marketing-automation-frontend/node_modules/@babel/parser/lib/index.js:13309:10)
      at JSXParserMixin.parseBlock (/home/developer/rohitworkspace/prod/marketing-automation/marketing-automation-frontend/node_modules/@babel/parser/lib/index.js:13297:10)
      at JSXParserMixin.parseFunctionBody (/home/developer/rohitworkspace/prod/marketing-automation/marketing-automation-frontend/node_modules/@babel/parser/lib/index.js:12100:24)
      at JSXParserMixin.parseFunctionBodyAndFinish (/home/developer/rohitworkspace/prod/marketing-automation/marketing-automation-frontend/node_modules/@babel/parser/lib/index.js:12086:10)
      at /home/developer/rohitworkspace/prod/marketing-automation/marketing-automation-frontend/node_modules/@babel/parser/lib/index.js:13445:12
      at JSXParserMixin.withSmartMixTopicForbiddingContext (/home/developer/rohitworkspace/prod/marketing-automation/marketing-automation-frontend/node_modules/@babel/parser/lib/index.js:12403:14)
      at JSXParserMixin.parseFunction (/home/developer/rohitworkspace/prod/marketing-automation/marketing-automation-frontend/node_modules/@babel/parser/lib/index.js:13444:10)
      at JSXParserMixin.parseFunctionStatement (/home/developer/rohitworkspace/prod/marketing-automation/marketing-automation-frontend/node_modules/@babel/parser/lib/index.js:13125:17)
      at JSXParserMixin.parseStatementContent (/home/developer/rohitworkspace/prod/marketing-automation/marketing-automation-frontend/node_modules/@babel/parser/lib/index.js:12791:21)
      at JSXParserMixin.parseStatementLike (/home/developer/rohitworkspace/prod/marketing-automation/marketing-automation-frontend/node_modules/@babel/parser/lib/index.js:12767:17)
      at JSXParserMixin.parseModuleItem (/home/developer/rohitworkspace/prod/marketing-automation/marketing-automation-frontend/node_modules/@babel/parser/lib/index.js:12744:17)
      at JSXParserMixin.parseBlockOrModuleBlockBody (/home/developer/rohitworkspace/prod/marketing-automation/marketing-automation-frontend/node_modules/@babel/parser/lib/index.js:13316:36)
      at JSXParserMixin.parseBlockBody (/home/developer/rohitworkspace/prod/marketing-automation/marketing-automation-frontend/node_modules/@babel/parser/lib/index.js:13309:10)
      at JSXParserMixin.parseProgram (/home/developer/rohitworkspace/prod/marketing-automation/marketing-automation-frontend/node_modules/@babel/parser/lib/index.js:12622:10)
      at JSXParserMixin.parseTopLevel (/home/developer/rohitworkspace/prod/marketing-automation/marketing-automation-frontend/node_modules/@babel/parser/lib/index.js:12612:25)
      at JSXParserMixin.parse (/home/developer/rohitworkspace/prod/marketing-automation/marketing-automation-frontend/node_modules/@babel/parser/lib/index.js:14488:25)
      at parse (/home/developer/rohitworkspace/prod/marketing-automation/marketing-automation-frontend/node_modules/@babel/parser/lib/index.js:14522:38)
      at parser (/home/developer/rohitworkspace/prod/marketing-automation/marketing-automation-frontend/node_modules/@babel/core/lib/parser/index.js:41:34)
      at parser.next (<anonymous>)
      at normalizeFile (/home/developer/rohitworkspace/prod/marketing-automation/marketing-automation-frontend/node_modules/@babel/core/lib/transformation/normalize-file.js:64:37)
      at normalizeFile.next (<anonymous>)
      at run (/home/developer/rohitworkspace/prod/marketing-automation/marketing-automation-frontend/node_modules/@babel/core/lib/transformation/index.js:22:50)
      at run.next (<anonymous>)
      at transform (/home/developer/rohitworkspace/prod/marketing-automation/marketing-automation-frontend/node_modules/@babel/core/lib/transform.js:22:33)
      at transform.next (<anonymous>)
      at step (/home/developer/rohitworkspace/prod/marketing-automation/marketing-automation-frontend/node_modules/gensync/index.js:261:32)
      at /home/developer/rohitworkspace/prod/marketing-automation/marketing-automation-frontend/node_modules/gensync/index.js:273:13
      at async.call.result.err.err (/home/developer/rohitworkspace/prod/marketing-automation/marketing-automation-frontend/node_modules/gensync/index.js:223:11)
      at /home/developer/rohitworkspace/prod/marketing-automation/marketing-automation-frontend/node_modules/gensync/index.js:189:28
      at /home/developer/rohitworkspace/prod/marketing-automation/marketing-automation-frontend/node_modules/@babel/core/lib/gensync-utils/async.js:67:7
    at aggregateBindingErrorsIntoJsError (file:///home/developer/rohitworkspace/prod/marketing-automation/marketing-automation-frontend/node_modules/rolldown/dist/shared/error-DAA7ncC5.mjs:48:18)
    at unwrapBindingResult (file:///home/developer/rohitworkspace/prod/marketing-automation/marketing-automation-frontend/node_modules/rolldown/dist/shared/error-DAA7ncC5.mjs:18:128)
    at #build (file:///home/developer/rohitworkspace/prod/marketing-automation/marketing-automation-frontend/node_modules/rolldown/dist/shared/rolldown-build-BPKCFYpX.mjs:3317:34)
    at async buildEnvironment (file:///home/developer/rohitworkspace/prod/marketing-automation/marketing-automation-frontend/node_modules/vite/dist/node/chunks/node.js:32999:64)
    at async Object.build (file:///home/developer/rohitworkspace/prod/marketing-automation/marketing-automation-frontend/node_modules/vite/dist/node/chunks/node.js:33421:19)
    at async Object.buildApp (file:///home/developer/rohitworkspace/prod/marketing-automation/marketing-automation-frontend/node_modules/vite/dist/node/chunks/node.js:33418:153)
    at async CAC.<anonymous> (file:///home/developer/rohitworkspace/prod/marketing-automation/marketing-automation-frontend/node_modules/vite/dist/node/cli.js:778:3) {
  errors: [Getter/Setter]
}
